
Running 15 tests using 1 worker

(node:75754) Warning: The 'NO_COLOR' env is ignored due to the 'FORCE_COLOR' env being set.
(Use `node --trace-warnings ...` to show where the warning was created)


(node:75754) Warning: The 'NO_COLOR' env is ignored due to the 'FORCE_COLOR' env being set.
(Use `node --trace-warnings ...` to show where the warning was created)


[1/15] [chromium] › tests/e2e/conversation-acceptance.spec.js:81:1 › scripted first visit: capacity retry preserves draft, approval precedes output
[2/15] [chromium] › tests/e2e/conversation-acceptance.spec.js:97:1 › scripted attachment: disclosed text, usable citation and copying
[3/15] [chromium] › tests/e2e/conversation-acceptance.spec.js:110:1 › scripted multitasking: Stop is isolated; completed answer and draft survive reload
[4/15] [chromium] › tests/e2e/conversation-acceptance.spec.js:125:1 › scripted contributor loss: explicit retry keeps the partial response separate
[5/15] [chromium] › tests/e2e/conversation-acceptance.spec.js:137:1 › scripted sharing: decline and revocation stop sharing; panels restore focus
[6/15] [chromium] › tests/e2e/conversation-interactions.spec.js:3:1 › optional and specialist routes still mount their existing views
[7/15] [chromium] › tests/e2e/conversation-interactions.spec.js:16:1 › ordinary entry stays focused, and route navigation preserves a draft
[8/15] [chromium] › tests/e2e/conversation-interactions.spec.js:39:1 › phone thread drawer preserves drafts, streaming nodes, and isolated Stop
[9/15] [chromium] › tests/e2e/conversation-repair.spec.js:39:3 › light 1440: aligned material, contextual approvals and open composer
[10/15] [chromium] › tests/e2e/conversation-repair.spec.js:39:3 › light 390: aligned material, contextual approvals and open composer
[11/15] [chromium] › tests/e2e/conversation-repair.spec.js:39:3 › dark 1440: aligned material, contextual approvals and open composer
[12/15] [chromium] › tests/e2e/conversation-repair.spec.js:39:3 › dark 390: aligned material, contextual approvals and open composer
[13/15] [chromium] › tests/e2e/conversation-repair.spec.js:91:1 › 320px layout contains native inputs and allows a first message without creating a thread first
[14/15] [chromium] › tests/e2e/conversation-repair.spec.js:108:1 › browser host preserves files and followups across reload with injected execution
[15/15] [chromium] › tests/e2e/conversation-repair.spec.js:145:1 › Verification Worker accepts repaired application modules
  15 passed (52.4s)
