[
  {
    "id": "reploid@0.1.0",
    "name": "reploid",
    "version": "0.1.0",
    "size": 203413,
    "unpackedSize": 848656,
    "shasum": "5f5dd0902cbe44ec261f951caa620def184818eb",
    "integrity": "sha512-tbDtFmmqwPeJjhpQCOFfPkSaszgykck3c37Wwqne/vvh05F/v/RGZK6gdrfkSOewRcYdBnMZBSjtjKCLElLWhg==",
    "filename": "reploid-0.1.0.tgz",
    "files": [
      {
        "path": "LICENSE",
        "size": 1077,
        "mode": 420
      },
      {
        "path": "README.md",
        "size": 12673,
        "mode": 420
      },
      {
        "path": "package.json",
        "size": 2248,
        "mode": 420
      },
      {
        "path": "src/adapters/browser.d.ts",
        "size": 491,
        "mode": 420
      },
      {
        "path": "src/adapters/browser.js",
        "size": 4135,
        "mode": 420
      },
      {
        "path": "src/adapters/doppler-stream.js",
        "size": 4049,
        "mode": 420
      },
      {
        "path": "src/adapters/doppler.d.ts",
        "size": 2553,
        "mode": 420
      },
      {
        "path": "src/adapters/doppler.js",
        "size": 6346,
        "mode": 420
      },
      {
        "path": "src/agent/belief-planner.js",
        "size": 6875,
        "mode": 420
      },
      {
        "path": "src/agent/cancellation.d.ts",
        "size": 96,
        "mode": 420
      },
      {
        "path": "src/agent/cancellation.js",
        "size": 621,
        "mode": 420
      },
      {
        "path": "src/agent/cycle-artifacts.d.ts",
        "size": 702,
        "mode": 420
      },
      {
        "path": "src/agent/cycle-artifacts.js",
        "size": 5047,
        "mode": 420
      },
      {
        "path": "src/agent/diagnostic-strategy.d.ts",
        "size": 3263,
        "mode": 420
      },
      {
        "path": "src/agent/diagnostic-strategy.js",
        "size": 5776,
        "mode": 420
      },
      {
        "path": "src/agent/engine-contracts.d.ts",
        "size": 1240,
        "mode": 420
      },
      {
        "path": "src/agent/engine.js",
        "size": 10735,
        "mode": 420
      },
      {
        "path": "src/agent/index.d.ts",
        "size": 5029,
        "mode": 420
      },
      {
        "path": "src/agent/index.js",
        "size": 8037,
        "mode": 420
      },
      {
        "path": "src/agent/lab-strategy.js",
        "size": 96991,
        "mode": 420
      },
      {
        "path": "src/agent/legacy-loop.d.ts",
        "size": 1574,
        "mode": 420
      },
      {
        "path": "src/agent/legacy-loop.js",
        "size": 120,
        "mode": 420
      },
      {
        "path": "src/agent/lifecycle.js",
        "size": 2656,
        "mode": 420
      },
      {
        "path": "src/agent/protocol.json",
        "size": 346,
        "mode": 420
      },
      {
        "path": "src/agent/provider-recovery.js",
        "size": 2654,
        "mode": 420
      },
      {
        "path": "src/agent/response-parser.d.ts",
        "size": 628,
        "mode": 420
      },
      {
        "path": "src/agent/response-parser.js",
        "size": 21551,
        "mode": 420
      },
      {
        "path": "src/agent/runtime.d.ts",
        "size": 926,
        "mode": 420
      },
      {
        "path": "src/agent/runtime.js",
        "size": 150,
        "mode": 420
      },
      {
        "path": "src/agent/task-strategy.js",
        "size": 48339,
        "mode": 420
      },
      {
        "path": "src/agent/tool-dispatch.js",
        "size": 980,
        "mode": 420
      },
      {
        "path": "src/agent/tool-retry.js",
        "size": 994,
        "mode": 420
      },
      {
        "path": "src/agent/tool-runner.d.ts",
        "size": 875,
        "mode": 420
      },
      {
        "path": "src/agent/tool-runner.js",
        "size": 3182,
        "mode": 420
      },
      {
        "path": "src/artifacts/canonical-json.js",
        "size": 482,
        "mode": 420
      },
      {
        "path": "src/artifacts/checkpoint.d.ts",
        "size": 347,
        "mode": 420
      },
      {
        "path": "src/artifacts/checkpoint.js",
        "size": 1187,
        "mode": 420
      },
      {
        "path": "src/artifacts/custody/exchange.d.ts",
        "size": 2314,
        "mode": 420
      },
      {
        "path": "src/artifacts/custody/exchange.js",
        "size": 14120,
        "mode": 420
      },
      {
        "path": "src/artifacts/custody/runtime.d.ts",
        "size": 618,
        "mode": 420
      },
      {
        "path": "src/artifacts/custody/runtime.js",
        "size": 21819,
        "mode": 420
      },
      {
        "path": "src/artifacts/identity.d.ts",
        "size": 1010,
        "mode": 420
      },
      {
        "path": "src/artifacts/identity.js",
        "size": 4299,
        "mode": 420
      },
      {
        "path": "src/artifacts/job-journal.d.ts",
        "size": 65,
        "mode": 420
      },
      {
        "path": "src/artifacts/job-journal.js",
        "size": 15129,
        "mode": 420
      },
      {
        "path": "src/artifacts/receipt.d.ts",
        "size": 1372,
        "mode": 420
      },
      {
        "path": "src/artifacts/receipt.js",
        "size": 4190,
        "mode": 420
      },
      {
        "path": "src/artifacts/signatures.js",
        "size": 3725,
        "mode": 420
      },
      {
        "path": "src/artifacts/store.d.ts",
        "size": 1214,
        "mode": 420
      },
      {
        "path": "src/artifacts/store.js",
        "size": 4707,
        "mode": 420
      },
      {
        "path": "src/chat/index.d.ts",
        "size": 5067,
        "mode": 420
      },
      {
        "path": "src/chat/index.js",
        "size": 108,
        "mode": 420
      },
      {
        "path": "src/chat/policy.json",
        "size": 387,
        "mode": 420
      },
      {
        "path": "src/chat/scheduler.js",
        "size": 8111,
        "mode": 420
      },
      {
        "path": "src/chat/thread-grants.js",
        "size": 2945,
        "mode": 420
      },
      {
        "path": "src/chat/workspace.js",
        "size": 15258,
        "mode": 420
      },
      {
        "path": "src/config/defaults.json",
        "size": 2465,
        "mode": 420
      },
      {
        "path": "src/config/index.d.ts",
        "size": 3582,
        "mode": 420
      },
      {
        "path": "src/config/index.js",
        "size": 11638,
        "mode": 420
      },
      {
        "path": "src/config/profiles/local.json",
        "size": 70,
        "mode": 420
      },
      {
        "path": "src/config/request-overrides.json",
        "size": 166,
        "mode": 420
      },
      {
        "path": "src/config/schema.json",
        "size": 11367,
        "mode": 420
      },
      {
        "path": "src/config/transport-defaults.json",
        "size": 206,
        "mode": 420
      },
      {
        "path": "src/contracts/config/doppler-execution-contracts.d.ts",
        "size": 1184,
        "mode": 420
      },
      {
        "path": "src/contracts/config/doppler-generation-contract.d.ts",
        "size": 2429,
        "mode": 420
      },
      {
        "path": "src/contracts/host-ports.d.ts",
        "size": 1547,
        "mode": 420
      },
      {
        "path": "src/contracts/infrastructure/doppler-runtime-service.d.ts",
        "size": 1925,
        "mode": 420
      },
      {
        "path": "src/contracts/infrastructure/pack-job-storage.d.ts",
        "size": 3852,
        "mode": 420
      },
      {
        "path": "src/contracts/pool/adapter-execution.d.ts",
        "size": 1956,
        "mode": 420
      },
      {
        "path": "src/contracts/pool/local-pack-executor.d.ts",
        "size": 2727,
        "mode": 420
      },
      {
        "path": "src/contracts/pool/operation-acceptance.d.ts",
        "size": 1513,
        "mode": 420
      },
      {
        "path": "src/contracts/pool/pack-operation-adapters.d.ts",
        "size": 3026,
        "mode": 420
      },
      {
        "path": "src/contracts/pool/pack-operation.d.ts",
        "size": 4369,
        "mode": 420
      },
      {
        "path": "src/contracts/pool/peer-adapter-execution.d.ts",
        "size": 1299,
        "mode": 420
      },
      {
        "path": "src/contracts/pool/peer-capabilities.d.ts",
        "size": 4012,
        "mode": 420
      },
      {
        "path": "src/contracts/pool/peer-pack-custody.d.ts",
        "size": 1904,
        "mode": 420
      },
      {
        "path": "src/contracts/pool/peer-pack-job-policy.d.ts",
        "size": 2229,
        "mode": 420
      },
      {
        "path": "src/contracts/pool/peer-pack-job.d.ts",
        "size": 6565,
        "mode": 420
      },
      {
        "path": "src/contracts/pool/peer-pack-provider.d.ts",
        "size": 1898,
        "mode": 420
      },
      {
        "path": "src/contracts/pool/peer-pack-requester.d.ts",
        "size": 2319,
        "mode": 420
      },
      {
        "path": "src/contracts/pool/peer-planning.d.ts",
        "size": 2474,
        "mode": 420
      },
      {
        "path": "src/improvement/code-evolution.d.ts",
        "size": 4520,
        "mode": 420
      },
      {
        "path": "src/improvement/code-evolution.js",
        "size": 21961,
        "mode": 420
      },
      {
        "path": "src/improvement/episodes.d.ts",
        "size": 3825,
        "mode": 420
      },
      {
        "path": "src/improvement/episodes.js",
        "size": 49450,
        "mode": 420
      },
      {
        "path": "src/improvement/index.d.ts",
        "size": 740,
        "mode": 420
      },
      {
        "path": "src/improvement/index.js",
        "size": 507,
        "mode": 420
      },
      {
        "path": "src/improvement/tool-objective.js",
        "size": 3865,
        "mode": 420
      },
      {
        "path": "src/index.d.ts",
        "size": 97,
        "mode": 420
      },
      {
        "path": "src/index.js",
        "size": 187,
        "mode": 420
      },
      {
        "path": "src/mesh/contribution.d.ts",
        "size": 1395,
        "mode": 420
      },
      {
        "path": "src/mesh/contribution.js",
        "size": 4997,
        "mode": 420
      },
      {
        "path": "src/mesh/index.d.ts",
        "size": 1222,
        "mode": 420
      },
      {
        "path": "src/mesh/index.js",
        "size": 2970,
        "mode": 420
      },
      {
        "path": "src/mesh/jobs/contracts.d.ts",
        "size": 2406,
        "mode": 420
      },
      {
        "path": "src/mesh/jobs/contracts.js",
        "size": 20870,
        "mode": 420
      },
      {
        "path": "src/mesh/jobs/episode.d.ts",
        "size": 2726,
        "mode": 420
      },
      {
        "path": "src/mesh/jobs/episode.js",
        "size": 5070,
        "mode": 420
      },
      {
        "path": "src/mesh/jobs/index.d.ts",
        "size": 508,
        "mode": 420
      },
      {
        "path": "src/mesh/jobs/index.js",
        "size": 304,
        "mode": 420
      },
      {
        "path": "src/mesh/jobs/provider.d.ts",
        "size": 2606,
        "mode": 420
      },
      {
        "path": "src/mesh/jobs/provider.js",
        "size": 18466,
        "mode": 420
      },
      {
        "path": "src/mesh/jobs/requester.d.ts",
        "size": 2406,
        "mode": 420
      },
      {
        "path": "src/mesh/jobs/requester.js",
        "size": 10675,
        "mode": 420
      },
      {
        "path": "src/mesh/legacy-generation.d.ts",
        "size": 2057,
        "mode": 420
      },
      {
        "path": "src/mesh/legacy-generation.js",
        "size": 23416,
        "mode": 420
      },
      {
        "path": "src/mesh/partitions/partition-chat.d.ts",
        "size": 1150,
        "mode": 420
      },
      {
        "path": "src/mesh/partitions/partition-chat.js",
        "size": 5227,
        "mode": 420
      },
      {
        "path": "src/mesh/partitions/partition-contract.d.ts",
        "size": 618,
        "mode": 420
      },
      {
        "path": "src/mesh/partitions/partition-contract.js",
        "size": 2057,
        "mode": 420
      },
      {
        "path": "src/mesh/partitions/partition-grants.d.ts",
        "size": 1288,
        "mode": 420
      },
      {
        "path": "src/mesh/partitions/partition-grants.js",
        "size": 4801,
        "mode": 420
      },
      {
        "path": "src/mesh/partitions/partition-network.d.ts",
        "size": 705,
        "mode": 420
      },
      {
        "path": "src/mesh/partitions/partition-network.js",
        "size": 5723,
        "mode": 420
      },
      {
        "path": "src/mesh/partitions/partition-peer.d.ts",
        "size": 1580,
        "mode": 420
      },
      {
        "path": "src/mesh/partitions/partition-peer.js",
        "size": 8715,
        "mode": 420
      },
      {
        "path": "src/mesh/partitions/partition-runner.d.ts",
        "size": 5385,
        "mode": 420
      },
      {
        "path": "src/mesh/partitions/partition-runner.js",
        "size": 14435,
        "mode": 420
      },
      {
        "path": "src/mesh/partitions/partition-step-receiver.d.ts",
        "size": 1113,
        "mode": 420
      },
      {
        "path": "src/mesh/partitions/partition-step-receiver.js",
        "size": 7042,
        "mode": 420
      },
      {
        "path": "src/mesh/partitions/resident-partition.d.ts",
        "size": 2830,
        "mode": 420
      },
      {
        "path": "src/mesh/partitions/resident-partition.js",
        "size": 5708,
        "mode": 420
      },
      {
        "path": "src/mesh/peer-identity.js",
        "size": 3834,
        "mode": 420
      },
      {
        "path": "src/mesh/placement-beliefs.d.ts",
        "size": 2101,
        "mode": 420
      },
      {
        "path": "src/mesh/placement-beliefs.js",
        "size": 6986,
        "mode": 420
      },
      {
        "path": "src/mesh/remote-generation-requests.js",
        "size": 2611,
        "mode": 420
      },
      {
        "path": "src/mesh/swarm-coordination.d.ts",
        "size": 1929,
        "mode": 420
      },
      {
        "path": "src/mesh/swarm-coordination.js",
        "size": 4290,
        "mode": 420
      },
      {
        "path": "src/rules/contribution.rules.json",
        "size": 167,
        "mode": 420
      },
      {
        "path": "src/rules/routing.rules.json",
        "size": 313,
        "mode": 420
      },
      {
        "path": "src/transport/assignment.d.ts",
        "size": 1948,
        "mode": 420
      },
      {
        "path": "src/transport/assignment.js",
        "size": 17404,
        "mode": 420
      },
      {
        "path": "src/transport/bounded-channel-writer.d.ts",
        "size": 313,
        "mode": 420
      },
      {
        "path": "src/transport/bounded-channel-writer.js",
        "size": 2033,
        "mode": 420
      },
      {
        "path": "src/transport/index.d.ts",
        "size": 344,
        "mode": 420
      },
      {
        "path": "src/transport/index.js",
        "size": 557,
        "mode": 420
      },
      {
        "path": "src/transport/partition-data-channel.d.ts",
        "size": 2067,
        "mode": 420
      },
      {
        "path": "src/transport/partition-data-channel.js",
        "size": 13291,
        "mode": 420
      },
      {
        "path": "src/transport/retry-policy.d.ts",
        "size": 392,
        "mode": 420
      },
      {
        "path": "src/transport/retry-policy.js",
        "size": 1186,
        "mode": 420
      },
      {
        "path": "src/transport/room.d.ts",
        "size": 439,
        "mode": 420
      },
      {
        "path": "src/transport/room.js",
        "size": 15774,
        "mode": 420
      },
      {
        "path": "src/transport/signaling.d.ts",
        "size": 2538,
        "mode": 420
      },
      {
        "path": "src/transport/signaling.js",
        "size": 16210,
        "mode": 420
      },
      {
        "path": "src/transport/swarm.d.ts",
        "size": 1669,
        "mode": 420
      },
      {
        "path": "src/transport/swarm.js",
        "size": 35452,
        "mode": 420
      },
      {
        "path": "src/transport/tool-offer-channel.d.ts",
        "size": 2165,
        "mode": 420
      },
      {
        "path": "src/transport/tool-offer-channel.js",
        "size": 8865,
        "mode": 420
      }
    ],
    "entryCount": 148,
    "bundled": []
  }
]
