
Running 14 tests using 1 worker

[1A[2K(node:1898142) Warning: The 'NO_COLOR' env is ignored due to the 'FORCE_COLOR' env being set.
(Use `node --trace-warnings ...` to show where the warning was created)


[1A[2K(node:1898142) Warning: The 'NO_COLOR' env is ignored due to the 'FORCE_COLOR' env being set.
(Use `node --trace-warnings ...` to show where the warning was created)


[1A[2K[1/14] [chromium] › tests/e2e/peer-pack-jobs.spec.js:26:1 › verified adapter bytes survive browser replacement with the supplier unavailable
[1A[2K[2/14] [chromium] › tests/e2e/peer-pack-jobs.spec.js:50:65 › reviewed public task uses room discovery and WebRTC while private retrieval stays local (doppler.pack/v2)
[1A[2K  1) [chromium] › tests/e2e/peer-pack-jobs.spec.js:50:65 › reviewed public task uses room discovery and WebRTC while private retrieval stays local (doppler.pack/v2) 

    Error: page.evaluate: SyntaxError: Invalid or unexpected token

      56 |     for (const page of pages) page.on('pageerror', error => pageErrors.push(error.message));
      57 |     await Promise.all(pages.map(page => page.goto(origin)));
    > 58 |     for (const [index, page] of pages.entries()) await page.evaluate(async ({ role, roomId, schema }) => {
         |                                                             ^
      59 |       window.fixture = await import('/tests/fixtures/operation-room-browser.js');
      60 |       await window.fixture.start({ role, roomId, schema });
      61 |     }, { role: index === 0 ? 'provider' : 'requester', roomId: 'document-delegation-proof', schema });
        at /home/x/deco/worktrees/reploid-consumer-streaming/tests/e2e/peer-pack-jobs.spec.js:58:61

    attachment #1: screenshot (image/png) ──────────────────────────────────────────────────────────
    ../../../../../dev/shm/doppler-consumer-streaming-20260912/journal-merged-tests/peer-pack-jobs-reviewed-pu-05b8a-tays-local-doppler-pack-v2--chromium/test-failed-1.png
    ────────────────────────────────────────────────────────────────────────────────────────────────

    attachment #2: screenshot (image/png) ──────────────────────────────────────────────────────────
    ../../../../../dev/shm/doppler-consumer-streaming-20260912/journal-merged-tests/peer-pack-jobs-reviewed-pu-05b8a-tays-local-doppler-pack-v2--chromium/test-failed-2.png
    ────────────────────────────────────────────────────────────────────────────────────────────────


[1A[2K(node:1899182) Warning: The 'NO_COLOR' env is ignored due to the 'FORCE_COLOR' env being set.
(Use `node --trace-warnings ...` to show where the warning was created)


[1A[2K(node:1899182) Warning: The 'NO_COLOR' env is ignored due to the 'FORCE_COLOR' env being set.
(Use `node --trace-warnings ...` to show where the warning was created)


[1A[2K[3/14] [chromium] › tests/e2e/peer-pack-jobs.spec.js:50:65 › reviewed public task uses room discovery and WebRTC while private retrieval stays local (doppler.capsule/v2)
[1A[2K  2) [chromium] › tests/e2e/peer-pack-jobs.spec.js:50:65 › reviewed public task uses room discovery and WebRTC while private retrieval stays local (doppler.capsule/v2) 

    Error: page.evaluate: SyntaxError: Invalid or unexpected token

      56 |     for (const page of pages) page.on('pageerror', error => pageErrors.push(error.message));
      57 |     await Promise.all(pages.map(page => page.goto(origin)));
    > 58 |     for (const [index, page] of pages.entries()) await page.evaluate(async ({ role, roomId, schema }) => {
         |                                                             ^
      59 |       window.fixture = await import('/tests/fixtures/operation-room-browser.js');
      60 |       await window.fixture.start({ role, roomId, schema });
      61 |     }, { role: index === 0 ? 'provider' : 'requester', roomId: 'document-delegation-proof', schema });
        at /home/x/deco/worktrees/reploid-consumer-streaming/tests/e2e/peer-pack-jobs.spec.js:58:61

    attachment #1: screenshot (image/png) ──────────────────────────────────────────────────────────
    ../../../../../dev/shm/doppler-consumer-streaming-20260912/journal-merged-tests/peer-pack-jobs-reviewed-pu-8b444-s-local-doppler-capsule-v2--chromium/test-failed-1.png
    ────────────────────────────────────────────────────────────────────────────────────────────────

    attachment #2: screenshot (image/png) ──────────────────────────────────────────────────────────
    ../../../../../dev/shm/doppler-consumer-streaming-20260912/journal-merged-tests/peer-pack-jobs-reviewed-pu-8b444-s-local-doppler-capsule-v2--chromium/test-failed-2.png
    ────────────────────────────────────────────────────────────────────────────────────────────────


[1A[2K(node:1899609) Warning: The 'NO_COLOR' env is ignored due to the 'FORCE_COLOR' env being set.
(Use `node --trace-warnings ...` to show where the warning was created)


[1A[2K(node:1899609) Warning: The 'NO_COLOR' env is ignored due to the 'FORCE_COLOR' env being set.
(Use `node --trace-warnings ...` to show where the warning was created)


[1A[2K[4/14] [chromium] › tests/e2e/peer-pack-jobs.spec.js:114:1 › common operations cross real WebRTC between browser contexts, with bounded large-message framing
[1A[2K  3) [chromium] › tests/e2e/peer-pack-jobs.spec.js:114:1 › common operations cross real WebRTC between browser contexts, with bounded large-message framing 

    Error: page.evaluate: SyntaxError: Invalid or unexpected token

      123 |       }
      124 |       await Promise.all([requester, provider].map(page => page.goto(origin)));
    > 125 |       await Promise.all([requester, provider].map((page, index) => page.evaluate(async data => {
          |                                                                         ^
      126 |         window.fixture = await import('/tests/fixtures/peer-pack-job-browser.js');
      127 |         return window.fixture.start(data);
      128 |       }, { role: index === 0 ? 'requester' : 'provider', operation, large: operation === 'embed' })));
        at map (/home/x/deco/worktrees/reploid-consumer-streaming/tests/e2e/peer-pack-jobs.spec.js:125:73)
        at /home/x/deco/worktrees/reploid-consumer-streaming/tests/e2e/peer-pack-jobs.spec.js:125:47

    attachment #1: screenshot (image/png) ──────────────────────────────────────────────────────────
    ../../../../../dev/shm/doppler-consumer-streaming-20260912/journal-merged-tests/peer-pack-jobs-common-oper-1fc81-unded-large-message-framing-chromium/test-failed-1.png
    ────────────────────────────────────────────────────────────────────────────────────────────────

    attachment #2: screenshot (image/png) ──────────────────────────────────────────────────────────
    ../../../../../dev/shm/doppler-consumer-streaming-20260912/journal-merged-tests/peer-pack-jobs-common-oper-1fc81-unded-large-message-framing-chromium/test-failed-2.png
    ────────────────────────────────────────────────────────────────────────────────────────────────


[1A[2K(node:1900094) Warning: The 'NO_COLOR' env is ignored due to the 'FORCE_COLOR' env being set.
(Use `node --trace-warnings ...` to show where the warning was created)


[1A[2K(node:1900094) Warning: The 'NO_COLOR' env is ignored due to the 'FORCE_COLOR' env being set.
(Use `node --trace-warnings ...` to show where the warning was created)


[1A[2K[5/14] [chromium] › tests/e2e/peer-pack-jobs.spec.js:151:1 › Verification Worker accepts complete-job modules and modified execution boundaries
[1A[2K[6/14] [chromium] › tests/e2e/peer-pack-jobs.spec.js:175:1 › durable provider responses survive a complete browser-process replacement
[1A[2K[7/14] [chromium] › tests/e2e/peer-pack-jobs.spec.js:252:1 › native attempt claims fence concurrent writers and enforce retention limits
[1A[2K[8/14] [chromium] › tests/e2e/peer-pack-jobs.spec.js:290:1 › native attempt states bind numbered requests and retain expiry before cleanup
[1A[2K[9/14] [chromium] › tests/e2e/peer-pack-jobs.spec.js:331:1 › legacy unfinished records migrate as interrupted and never become runnable
[1A[2K[10/14] [chromium] › tests/e2e/peer-pack-jobs.spec.js:358:1 › cumulative v2 journal migration preserves updates and rejects corrupt stream metadata
[1A[2K[11/14] [chromium] › tests/e2e/peer-pack-jobs.spec.js:395:1 › a stalled native transaction aborts within configured storage bounds
[1A[2K[12/14] [chromium] › tests/e2e/peer-pack-jobs.spec.js:420:1 › a replacement provider prevents the still-running writer from publishing completion
[1A[2K[13/14] [chromium] › tests/e2e/peer-pack-jobs.spec.js:448:1 › a corrupted durable response cannot enter provider replay even after another delivery
[1A[2K[14/14] [chromium] › tests/e2e/peer-pack-jobs.spec.js:492:1 › journal delta appends transfer approximately linear bytes
[1A[2K[chromium] › tests/e2e/peer-pack-jobs.spec.js:492:1 › journal delta appends transfer approximately linear bytes
{"journalCopyVolume":[{"count":64,"writes":99991,"reads":56532},{"count":128,"writes":200172,"reads":113200},{"count":256,"writes":400858,"reads":226717}]}

[1A[2K  3 failed
    [chromium] › tests/e2e/peer-pack-jobs.spec.js:50:65 › reviewed public task uses room discovery and WebRTC while private retrieval stays local (doppler.pack/v2) 
    [chromium] › tests/e2e/peer-pack-jobs.spec.js:50:65 › reviewed public task uses room discovery and WebRTC while private retrieval stays local (doppler.capsule/v2) 
    [chromium] › tests/e2e/peer-pack-jobs.spec.js:114:1 › common operations cross real WebRTC between browser contexts, with bounded large-message framing 
  11 passed (11.6s)
