
Running 18 tests using 1 worker

(node:654497) Warning: The 'NO_COLOR' env is ignored due to the 'FORCE_COLOR' env being set.
(Use `node --trace-warnings ...` to show where the warning was created)
(node:654497) Warning: The 'NO_COLOR' env is ignored due to the 'FORCE_COLOR' env being set.
(Use `node --trace-warnings ...` to show where the warning was created)
  ✓   1 [chromium] › tests/e2e/chat-three-tab.spec.js:34:1 › three same-profile tabs transfer verified test files, isolate concurrent chats and retain one model residency (1.3s)
  ✓   2 [chromium] › tests/e2e/chat-workspace.spec.js:4:1 › browser chat owner retains separate conversations across reload without redispatch (505ms)
  ✓   3 [chromium] › tests/e2e/chat-workspace.spec.js:35:1 › Verification Worker accepts the conversation and scheduler modules (440ms)
  ✓   4 [chromium] › tests/e2e/conversation-repair.spec.js:39:3 › light 1440: aligned material, contextual approvals and open composer (1.1s)
  ✓   5 [chromium] › tests/e2e/conversation-repair.spec.js:39:3 › light 390: aligned material, contextual approvals and open composer (931ms)
  ✓   6 [chromium] › tests/e2e/conversation-repair.spec.js:39:3 › dark 1440: aligned material, contextual approvals and open composer (1.1s)
  ✓   7 [chromium] › tests/e2e/conversation-repair.spec.js:39:3 › dark 390: aligned material, contextual approvals and open composer (970ms)
  ✓   8 [chromium] › tests/e2e/conversation-repair.spec.js:85:1 › 320px layout contains native inputs and allows a first message without creating a thread first (501ms)
  ✓   9 [chromium] › tests/e2e/conversation-repair.spec.js:100:1 › browser host preserves files and followups across reload with injected execution (935ms)
  ✓  10 [chromium] › tests/e2e/conversation-repair.spec.js:133:1 › Verification Worker accepts repaired application modules (398ms)
  ✓  11 [chromium] › tests/e2e/peer-pack-custody.spec.js:37:1 › browser crypto reconstructs dependencies and the Verification Worker accepts the source (387ms)
  ✓  12 [chromium] › tests/e2e/peer-pack-custody.spec.js:111:1 › durable checkpoints survive reload, change suppliers, reject corruption, and enforce disk limits (263ms)
  ✓  13 [chromium] › tests/e2e/peer-pack-custody.spec.js:163:1 › verified pieces resume automatically after a browser process restarts (571ms)
  ✓  14 [chromium] › tests/e2e/peer-pack-custody.spec.js:193:1 › browser evidence facade preserves signing, reviewed admission, and revocation (197ms)
  ✓  15 [chromium] › tests/e2e/release-boundaries.spec.js:4:1 › generated mesh imports without an import map or loading Doppler (117ms)
  ✓  16 [chromium] › tests/e2e/release-boundaries.spec.js:19:1 › Verification Worker accepts mutable release boundary modules (415ms)
  ✓  17 [chromium] › tests/e2e/release-boundaries.spec.js:45:1 › Verification Worker still rejects bootstrap storage authority as mutable candidates (402ms)
  ✓  18 [chromium] › tests/e2e/thread-grants.spec.js:17:1 › real WebRTC proves recipients and retains revocable grants through requester refresh with injected inference (3.9s)

  18 passed (15.6s)
